============================================================
좌표 변환: WGS84(EPSG:4326) → UTM 52N(EPSG:32652)
============================================================

한국 주요 도시 UTM 좌표:
  서울: (127.0°E, 37.5°N) → (323,210.47m E, 4,152,220.15m N)
  부산: (129.0°E, 35.1°N) → (500,000.00m E, 3,884,132.78m N)
  제주: (126.5°E, 33.5°N) → (267,757.54m E, 3,709,516.82m N)
  인천: (126.7°E, 37.45°N) → (296,552.98m E, 4,147,278.01m N)

역변환 검증:
  원본: (127.0, 37.5)
  복원: (127.0000000000, 37.5000000000)
  오차: 0.000000000000014도

도시 간 거리 계산:
  서울-부산: UTM 321.13km vs Haversine 321.45km (차이 0.10%)
  서울-제주: UTM 446.16km vs Haversine 447.07km (차이 0.20%)
  서울-인천: UTM 27.11km vs Haversine 27.05km (차이 0.22%)

좌표계 상세 정보:
  WGS84: WGS 84
    유형: Geographic
    타원체: WGS 84
    장반경: 6,378,137.000m
  UTM 52N: WGS 84 / UTM zone 52N
    유형: Projected
    단위: metre

[완료] 좌표 변환 실습을 마쳤다.
